../Drivers/Src/stm32f030xx_rtc_driver.c:15:6:RTC_Init	8	static
../Drivers/Src/stm32f030xx_rtc_driver.c:46:6:RTC_Set_Time	32	static
../Drivers/Src/stm32f030xx_rtc_driver.c:56:6:RTC_Set_Date	40	static
../Drivers/Src/stm32f030xx_rtc_driver.c:70:6:RTC_Start	8	static
../Drivers/Src/stm32f030xx_rtc_driver.c:78:6:RTC_Get_Time	56	static
../Drivers/Src/stm32f030xx_rtc_driver.c:103:6:RTC_Get_Date	56	static
../Drivers/Src/stm32f030xx_rtc_driver.c:131:16:binary_to_bcd	40	static
../Drivers/Src/stm32f030xx_rtc_driver.c:147:16:bcd_to_binary	32	static
