20:52:36 **** Incremental Build of configuration Debug for project 01testing ****
make -j4 all 
arm-none-eabi-gcc "../Src/main.c" -mcpu=cortex-m0 -std=gnu11 -g3 -DDEBUG -DSTM32F030R8Tx -DSTM32 -DSTM32F0 -c -I../Inc -O0 -ffunction-sections -fdata-sections -Wall -fstack-usage -MMD -MP -MF"Src/main.d" -MT"Src/main.o" --specs=nano.specs -mfloat-abi=soft -mthumb -o "Src/main.o"
arm-none-eabi-gcc -o "01testing.elf" @"objects.list"   -mcpu=cortex-m0 -T"C:\Users\Abhi\STM32CubeIDE\workspace_1.9.0\01testing\STM32F030R8TX_FLASH.ld" --specs=nosys.specs -Wl,-Map="01testing.map" -Wl,--gc-sections -static --specs=nano.specs -mfloat-abi=soft -mthumb -Wl,--start-group -lc -lm -Wl,--end-group
Finished building target: 01testing.elf
 
arm-none-eabi-size   01testing.elf 
arm-none-eabi-objdump -h -S  01testing.elf  > "01testing.list"
   text	   data	    bss	    dec	    hex	filename
    592	      8	   1568	   2168	    878	01testing.elf
Finished building: default.size.stdout
 
Finished building: 01testing.list
 

20:52:38 Build Finished. 0 errors, 0 warnings. (took 2s.62ms)

