13:20:11 **** Clean-only build of configuration Debug for project stm32f0xx_driver ****
make -j4 clean 
rm -rf ./Startup/startup_stm32f030r8tx.d ./Startup/startup_stm32f030r8tx.o
rm -rf ./Src/spi_slave.d ./Src/spi_slave.o ./Src/spi_slave.su ./Src/syscalls.d ./Src/syscalls.o ./Src/syscalls.su ./Src/sysmem.d ./Src/sysmem.o ./Src/sysmem.su
rm -rf ./Drivers/Src/stm32f030xx_USART_driver.d ./Drivers/Src/stm32f030xx_USART_driver.o ./Drivers/Src/stm32f030xx_USART_driver.su ./Drivers/Src/stm32f030xx_gpio_driver.d ./Drivers/Src/stm32f030xx_gpio_driver.o ./Drivers/Src/stm32f030xx_gpio_driver.su ./Drivers/Src/stm32f030xx_i2c_driver.d ./Drivers/Src/stm32f030xx_i2c_driver.o ./Drivers/Src/stm32f030xx_i2c_driver.su ./Drivers/Src/stm32f030xx_rcc_driver.d ./Drivers/Src/stm32f030xx_rcc_driver.o ./Drivers/Src/stm32f030xx_rcc_driver.su ./Drivers/Src/stm32f030xx_spi_driver.d ./Drivers/Src/stm32f030xx_spi_driver.o ./Drivers/Src/stm32f030xx_spi_driver.su
rm -rf default.size.stdout stm32f0xx_driver.elf stm32f0xx_driver.list stm32f0xx_driver.map
 
13:20:15 **** Incremental Build of configuration Debug for project stm32f0xx_driver ****
make -j4 all 
arm-none-eabi-gcc -mcpu=cortex-m0 -g3 -DDEBUG -c -x assembler-with-cpp -MMD -MP -MF"Startup/startup_stm32f030r8tx.d" -MT"Startup/startup_stm32f030r8tx.o" --specs=nano.specs -mfloat-abi=soft -mthumb -o "Startup/startup_stm32f030r8tx.o" "../Startup/startup_stm32f030r8tx.s"
arm-none-eabi-gcc "../Src/spi_slave.c" -mcpu=cortex-m0 -std=gnu11 -g3 -DDEBUG -DSTM32F030R8Tx -DSTM32 -DSTM32F0 -c -I../Inc -I"C:/Users/Abhi/STM32CubeIDE/workspace_1.9.0/stm32f0xx_driver/Drivers/Inc" -O0 -ffunction-sections -fdata-sections -Wall -fstack-usage -MMD -MP -MF"Src/spi_slave.d" -MT"Src/spi_slave.o" --specs=nano.specs -mfloat-abi=soft -mthumb -o "Src/spi_slave.o"
arm-none-eabi-gcc "../Src/sysmem.c" -mcpu=cortex-m0 -std=gnu11 -g3 -DDEBUG -DSTM32F030R8Tx -DSTM32 -DSTM32F0 -c -I../Inc -I"C:/Users/Abhi/STM32CubeIDE/workspace_1.9.0/stm32f0xx_driver/Drivers/Inc" -O0 -ffunction-sections -fdata-sections -Wall -fstack-usage -MMD -MP -MF"Src/sysmem.d" -MT"Src/sysmem.o" --specs=nano.specs -mfloat-abi=soft -mthumb -o "Src/sysmem.o"
arm-none-eabi-gcc "../Drivers/Src/stm32f030xx_USART_driver.c" -mcpu=cortex-m0 -std=gnu11 -g3 -DDEBUG -DSTM32F030R8Tx -DSTM32 -DSTM32F0 -c -I../Inc -I"C:/Users/Abhi/STM32CubeIDE/workspace_1.9.0/stm32f0xx_driver/Drivers/Inc" -O0 -ffunction-sections -fdata-sections -Wall -fstack-usage -MMD -MP -MF"Drivers/Src/stm32f030xx_USART_driver.d" -MT"Drivers/Src/stm32f030xx_USART_driver.o" --specs=nano.specs -mfloat-abi=soft -mthumb -o "Drivers/Src/stm32f030xx_USART_driver.o"
arm-none-eabi-gcc "../Drivers/Src/stm32f030xx_gpio_driver.c" -mcpu=cortex-m0 -std=gnu11 -g3 -DDEBUG -DSTM32F030R8Tx -DSTM32 -DSTM32F0 -c -I../Inc -I"C:/Users/Abhi/STM32CubeIDE/workspace_1.9.0/stm32f0xx_driver/Drivers/Inc" -O0 -ffunction-sections -fdata-sections -Wall -fstack-usage -MMD -MP -MF"Drivers/Src/stm32f030xx_gpio_driver.d" -MT"Drivers/Src/stm32f030xx_gpio_driver.o" --specs=nano.specs -mfloat-abi=soft -mthumb -o "Drivers/Src/stm32f030xx_gpio_driver.o"
arm-none-eabi-gcc "../Drivers/Src/stm32f030xx_i2c_driver.c" -mcpu=cortex-m0 -std=gnu11 -g3 -DDEBUG -DSTM32F030R8Tx -DSTM32 -DSTM32F0 -c -I../Inc -I"C:/Users/Abhi/STM32CubeIDE/workspace_1.9.0/stm32f0xx_driver/Drivers/Inc" -O0 -ffunction-sections -fdata-sections -Wall -fstack-usage -MMD -MP -MF"Drivers/Src/stm32f030xx_i2c_driver.d" -MT"Drivers/Src/stm32f030xx_i2c_driver.o" --specs=nano.specs -mfloat-abi=soft -mthumb -o "Drivers/Src/stm32f030xx_i2c_driver.o"
arm-none-eabi-gcc "../Drivers/Src/stm32f030xx_rcc_driver.c" -mcpu=cortex-m0 -std=gnu11 -g3 -DDEBUG -DSTM32F030R8Tx -DSTM32 -DSTM32F0 -c -I../Inc -I"C:/Users/Abhi/STM32CubeIDE/workspace_1.9.0/stm32f0xx_driver/Drivers/Inc" -O0 -ffunction-sections -fdata-sections -Wall -fstack-usage -MMD -MP -MF"Drivers/Src/stm32f030xx_rcc_driver.d" -MT"Drivers/Src/stm32f030xx_rcc_driver.o" --specs=nano.specs -mfloat-abi=soft -mthumb -o "Drivers/Src/stm32f030xx_rcc_driver.o"
arm-none-eabi-gcc "../Drivers/Src/stm32f030xx_spi_driver.c" -mcpu=cortex-m0 -std=gnu11 -g3 -DDEBUG -DSTM32F030R8Tx -DSTM32 -DSTM32F0 -c -I../Inc -I"C:/Users/Abhi/STM32CubeIDE/workspace_1.9.0/stm32f0xx_driver/Drivers/Inc" -O0 -ffunction-sections -fdata-sections -Wall -fstack-usage -MMD -MP -MF"Drivers/Src/stm32f030xx_spi_driver.d" -MT"Drivers/Src/stm32f030xx_spi_driver.o" --specs=nano.specs -mfloat-abi=soft -mthumb -o "Drivers/Src/stm32f030xx_spi_driver.o"
arm-none-eabi-gcc -o "stm32f0xx_driver.elf" @"objects.list"   -mcpu=cortex-m0 -T"C:\Users\Abhi\STM32CubeIDE\workspace_1.9.0\stm32f0xx_driver\STM32F030R8TX_FLASH.ld" --specs=nosys.specs -Wl,-Map="stm32f0xx_driver.map" -Wl,--gc-sections -static -specs=rdimon.specs -lc -lrdimon --specs=nano.specs -mfloat-abi=soft -mthumb -Wl,--start-group -lc -lm -Wl,--end-group
Finished building target: stm32f0xx_driver.elf
 
arm-none-eabi-size   stm32f0xx_driver.elf 
arm-none-eabi-objdump -h -S  stm32f0xx_driver.elf  > "stm32f0xx_driver.list"
   text	   data	    bss	    dec	    hex	filename
  10144	    116	   1756	  12016	   2ef0	stm32f0xx_driver.elf
Finished building: default.size.stdout
 
Finished building: stm32f0xx_driver.list
 
13:20:38 **** Incremental Build of configuration Debug for project stm32f0xx_driver ****
make -j4 all 
arm-none-eabi-size   stm32f0xx_driver.elf 
   text	   data	    bss	    dec	    hex	filename
  10144	    116	   1756	  12016	   2ef0	stm32f0xx_driver.elf
Finished building: default.size.stdout
 
13:30:49 **** Incremental Build of configuration Debug for project stm32f0xx_driver ****
make -j4 all 
arm-none-eabi-size   stm32f0xx_driver.elf 
   text	   data	    bss	    dec	    hex	filename
  10144	    116	   1756	  12016	   2ef0	stm32f0xx_driver.elf
Finished building: default.size.stdout
 
13:38:32 **** Incremental Build of configuration Debug for project stm32f0xx_driver ****
make -j4 all 
arm-none-eabi-gcc "../Src/spi_slave.c" -mcpu=cortex-m0 -std=gnu11 -g3 -DDEBUG -DSTM32F030R8Tx -DSTM32 -DSTM32F0 -c -I../Inc -I"C:/Users/Abhi/STM32CubeIDE/workspace_1.9.0/stm32f0xx_driver/Drivers/Inc" -O0 -ffunction-sections -fdata-sections -Wall -fstack-usage -MMD -MP -MF"Src/spi_slave.d" -MT"Src/spi_slave.o" --specs=nano.specs -mfloat-abi=soft -mthumb -o "Src/spi_slave.o"
arm-none-eabi-gcc -o "stm32f0xx_driver.elf" @"objects.list"   -mcpu=cortex-m0 -T"C:\Users\Abhi\STM32CubeIDE\workspace_1.9.0\stm32f0xx_driver\STM32F030R8TX_FLASH.ld" --specs=nosys.specs -Wl,-Map="stm32f0xx_driver.map" -Wl,--gc-sections -static -specs=rdimon.specs -lc -lrdimon --specs=nano.specs -mfloat-abi=soft -mthumb -Wl,--start-group -lc -lm -Wl,--end-group
Finished building target: stm32f0xx_driver.elf
 
arm-none-eabi-size   stm32f0xx_driver.elf 
arm-none-eabi-objdump -h -S  stm32f0xx_driver.elf  > "stm32f0xx_driver.list"
   text	   data	    bss	    dec	    hex	filename
  10144	    116	   1756	  12016	   2ef0	stm32f0xx_driver.elf
Finished building: default.size.stdout
 
Finished building: stm32f0xx_driver.list
 
13:42:58 **** Incremental Build of configuration Debug for project stm32f0xx_driver ****
make -j4 all 
arm-none-eabi-gcc "../Src/spi_slave.c" -mcpu=cortex-m0 -std=gnu11 -g3 -DDEBUG -DSTM32F030R8Tx -DSTM32 -DSTM32F0 -c -I../Inc -I"C:/Users/Abhi/STM32CubeIDE/workspace_1.9.0/stm32f0xx_driver/Drivers/Inc" -O0 -ffunction-sections -fdata-sections -Wall -fstack-usage -MMD -MP -MF"Src/spi_slave.d" -MT"Src/spi_slave.o" --specs=nano.specs -mfloat-abi=soft -mthumb -o "Src/spi_slave.o"
arm-none-eabi-gcc -o "stm32f0xx_driver.elf" @"objects.list"   -mcpu=cortex-m0 -T"C:\Users\Abhi\STM32CubeIDE\workspace_1.9.0\stm32f0xx_driver\STM32F030R8TX_FLASH.ld" --specs=nosys.specs -Wl,-Map="stm32f0xx_driver.map" -Wl,--gc-sections -static -specs=rdimon.specs -lc -lrdimon --specs=nano.specs -mfloat-abi=soft -mthumb -Wl,--start-group -lc -lm -Wl,--end-group
Finished building target: stm32f0xx_driver.elf
 
arm-none-eabi-size   stm32f0xx_driver.elf 
arm-none-eabi-objdump -h -S  stm32f0xx_driver.elf  > "stm32f0xx_driver.list"
   text	   data	    bss	    dec	    hex	filename
  10144	    116	   1756	  12016	   2ef0	stm32f0xx_driver.elf
Finished building: default.size.stdout
 
Finished building: stm32f0xx_driver.list
 
